// Jest Snapshot v1, https://goo.gl/fbAQLP

exports[`should render AddDrinkPage correctly 1`] = `
<div>
  <div
    className="page-header"
  >
    <div
      className="content-container"
    >
      <h1
        className="page-header__title"
      >
        Add Bottle
      </h1>
    </div>
  </div>
  <div
    className="content-container"
  >
    <DrinkForm
      actionTitle="Add Bottle"
      categories={
        Array [
          "Beer",
          "Whisky",
        ]
      }
      onSubmit={[Function]}
      options={
        Object {
          "validate": false,
        }
      }
      vol={
        Array [
          0.33,
          0.5,
          0.7,
          1,
        ]
      }
    />
  </div>
</div>
`;
