// Jest Snapshot v1, https://goo.gl/fbAQLP

exports[`should render AddDrinkPage correctly 1`] = `
<div>
  <div
    className="page-header"
  >
    <div
      className="content-container"
    >
      <h1
        className="page-header__title"
      >
        Add Bottle
      </h1>
    </div>
  </div>
  <div
    className="content-container"
  >
    <DrinkForm
      actionTitle="Add Bottle"
      categories={
        Array [
          "Absinthe",
          "Beer",
          "Brandy",
          "Cider",
          "Gin",
          "Horilka",
          "Liqueurs",
          "Mastika",
          "Ouzo",
          "Rakia",
          "Slivovitz",
          "Rum",
          "Sparkling Wine",
          "Tequila",
          "Vodka",
          "Vermouth",
          "Wine",
          "Whisky",
        ]
      }
      onSubmit={[Function]}
      options={
        Object {
          "validate": true,
        }
      }
      vol={
        Array [
          0.25,
          0.33,
          0.375,
          0.5,
          0.6,
          0.7,
          0.75,
          1,
          5,
        ]
      }
    />
  </div>
</div>
`;
