// Jest Snapshot v1, https://goo.gl/fbAQLP

exports[`should render barList with data correctly 1`] = `
<div
  className="content-container"
>
  <div
    className="list-header"
  >
    <div
      className="show-for-desktop"
    >
      Drink
    </div>
    <div
      className="show-for-desktop"
    >
      Data
    </div>
  </div>
  <div
    className="list-body"
  >
    <DrinkListItem
      aged={12}
      alc={5.6}
      bestBefore={10368000000}
      bottledAt={-126230400000}
      boughtAt={-31536000000}
      category="Beer"
      createdAt={0}
      description=""
      id="sdfsdf"
      isEmpty={false}
      key="sdfsdf"
      price={450}
      title="My bottle"
      updatedAt={0}
      vol={0.5}
    />
    <DrinkListItem
      aged={12}
      alc={42}
      bestBefore={10368000000}
      bottledAt={-126230400000}
      boughtAt={-31536000000}
      category="Whisky"
      createdAt={0}
      description=""
      id="sdfsd2341f"
      isEmpty={false}
      key="sdfsd2341f"
      price={4500}
      title="My bottle II"
      updatedAt={0}
      vol={0.7}
    />
  </div>
</div>
`;

exports[`should render barList with empty drinks correctly 1`] = `
<div
  className="content-container"
>
  <div
    className="list-header"
  >
    <div
      className="show-for-desktop"
    >
      Drink
    </div>
    <div
      className="show-for-desktop"
    >
      Data
    </div>
  </div>
  <div
    className="list-body"
  >
    <div
      className="list-item list-item--message"
    >
      <span>
        Your bar is totally empty!
      </span>
    </div>
  </div>
</div>
`;
