// Jest Snapshot v1, https://goo.gl/fbAQLP

exports[`should render barList with data correctly 1`] = `
<div
  className="content-container"
>
  <div
    className="list-header"
  >
    <div
      className="show-for-desktop"
    >
      Drink
    </div>
    <div
      className="show-for-desktop"
    >
      Data
    </div>
  </div>
  <div
    className="list-body"
  >
    <DrinkListItem
      aged="12 years"
      alc={40}
      bestBefore={26265600000}
      bottledAt={-189388800000}
      boughtAt={-63158400000}
      category="Whisky"
      createdAt={0}
      description=""
      id="cardhu"
      isEmpty={false}
      isOpen={false}
      key="cardhu"
      madeIn="Scotland"
      price={5472}
      title="Cardhu Speyside Single Malt Scotch Whisky"
      updatedAt={0}
      vol={0.7}
    />
    <DrinkListItem
      aged=""
      alc={40}
      bestBefore={26265600000}
      bottledAt={-189388800000}
      boughtAt={-63158400000}
      category="Whisky"
      createdAt={0}
      description=""
      id="laphroaigh"
      isEmpty={false}
      isOpen={false}
      key="laphroaigh"
      price={4804}
      title="Laphroaig QA Cask Double Matured"
      updatedAt={0}
      vol={1}
    />
    <DrinkListItem
      aged=""
      alc={5}
      bestBefore={26265600000}
      bottledAt={-189388800000}
      boughtAt={-63158400000}
      category="Beer"
      createdAt={0}
      description=""
      id="leffe"
      isEmpty={false}
      isOpen={true}
      key="leffe"
      price={11.12}
      title="Leffe Ruby"
      updatedAt={0}
      vol={0.25}
    />
    <DrinkListItem
      aged={12}
      alc={42}
      bestBefore={10368000000}
      bottledAt={-126230400000}
      boughtAt={-31536000000}
      category="Whisky"
      createdAt={0}
      description=""
      id="whisky"
      isEmpty={true}
      isOpen={true}
      key="whisky"
      price={12}
      title="My bottle II"
      updatedAt={0}
      vol={0.7}
    />
  </div>
</div>
`;

exports[`should render barList with empty drinks correctly 1`] = `
<div
  className="content-container"
>
  <div
    className="list-header"
  >
    <div
      className="show-for-desktop"
    >
      Drink
    </div>
    <div
      className="show-for-desktop"
    >
      Data
    </div>
  </div>
  <div
    className="list-body"
  >
    <div
      className="list-item list-item--message"
    >
      <span>
        Your bar is totally empty!
      </span>
    </div>
  </div>
</div>
`;
