// Jest Snapshot v1, https://goo.gl/fbAQLP

exports[`should render detailed view correctly 1`] = `
<div>
  <div>
    <div
      className="page-header"
    >
      <div
        className="content-container"
      >
        <div
          className="page-header__actions"
        >
          <Link
            className="button"
            replace={false}
            to="/edit/whisky"
          >
            Edit
          </Link>
          <button
            className="button"
            onClick={[Function]}
          >
            Delete
          </button>
        </div>
      </div>
    </div>
    <div
      className="content-container"
    >
      <h1>
        My bottle II
      </h1>
      <ul>
        <li>
          Whisky
        </li>
        <li>
          0.7
           L
        </li>
        <li>
          42
           %
        </li>
        <li />
      </ul>
    </div>
  </div>
</div>
`;

exports[`should render detailed view with incorrect id correctly 1`] = `
<div>
  <h1
    className="page-header__title"
  >
    Record with 
    <span>
      id:
      123
    </span>
     not found!
  </h1>
</div>
`;
