// Jest Snapshot v1, https://goo.gl/fbAQLP

exports[`should render empty DrinksListFilters correctly 1`] = `
<div
  className="content-container"
>
  <div
    className="input-group"
  >
    <div
      className="input-group__item"
    >
      <input
        className="text-input"
        onChange={[Function]}
        placeholder="Search drinks"
        type="text"
        value=""
      />
    </div>
    <div
      className="input-group__item"
    >
      <select
        className="select"
        onChange={[Function]}
      >
        <option
          value=""
        >
          -- All --
        </option>
        <option
          key="Absinthe"
          value="Absinthe"
        >
          Absinthe
        </option>
        <option
          key="Beer"
          value="Beer"
        >
          Beer
        </option>
        <option
          key="Brandy"
          value="Brandy"
        >
          Brandy
        </option>
        <option
          key="Cider"
          value="Cider"
        >
          Cider
        </option>
        <option
          key="Gin"
          value="Gin"
        >
          Gin
        </option>
        <option
          key="Horilka"
          value="Horilka"
        >
          Horilka
        </option>
        <option
          key="Liqueurs"
          value="Liqueurs"
        >
          Liqueurs
        </option>
        <option
          key="Mastika"
          value="Mastika"
        >
          Mastika
        </option>
        <option
          key="Ouzo"
          value="Ouzo"
        >
          Ouzo
        </option>
        <option
          key="Rakia"
          value="Rakia"
        >
          Rakia
        </option>
        <option
          key="Slivovitz"
          value="Slivovitz"
        >
          Slivovitz
        </option>
        <option
          key="Rum"
          value="Rum"
        >
          Rum
        </option>
        <option
          key="Sparkling Wine"
          value="Sparkling Wine"
        >
          Sparkling Wine
        </option>
        <option
          key="Tequila"
          value="Tequila"
        >
          Tequila
        </option>
        <option
          key="Vodka"
          value="Vodka"
        >
          Vodka
        </option>
        <option
          key="Vermouth"
          value="Vermouth"
        >
          Vermouth
        </option>
        <option
          key="Wine"
          value="Wine"
        >
          Wine
        </option>
        <option
          key="Whisky"
          value="Whisky"
        >
          Whisky
        </option>
      </select>
    </div>
  </div>
</div>
`;
