// Jest Snapshot v1, https://goo.gl/fbAQLP

exports[`should render single item correctly 1`] = `
<div>
  <Link
    className="list-item"
    replace={false}
    to="/view/laphroaigh"
  >
    <div>
      Laphroaig QA Cask Double Matured
      <br />
      Whisky
       - 
      1
      L
    </div>
    <ul>
      <li>
        40
        %
      </li>
      <li>
        $48.04
      </li>
      <li>
        Age: 
      </li>
    </ul>
    <ul>
      <li>
        Bought: 
        January 1st, 1968
      </li>
      <li>
        Bottled: 
        January 1st, 1964
      </li>
      <li>
        BBF: 
        November 1st, 1970
      </li>
    </ul>
  </Link>
</div>
`;
